[[  -2.143]
 [-153.872]
 [   1.614]
 [ -47.461]
 [ -66.269]
 [ -13.12 ]
 [  -3.477]
 [ -51.146]
 [ -32.989]]
