[[  -2.161]
 [-153.89 ]
 [   1.596]
 [ -47.478]
 [ -66.275]
 [ -13.126]
 [  -3.483]
 [ -51.152]
 [ -32.995]]
