[[-22.  10.]
 [ -4.  73.]
 [-22.  10.]
 [ -4.  73.]
 [ 14. -44.]
 [ 14. -44.]
 [ 14. -44.]
 [  5. -17.]
 [  5. -17.]]
